\BOOKMARK [1][-]{section.1}{\376\377\000F\000u\000l\000l\000\040\000A\000d\000d\000e\000r\000\040\000\050\000F\000A\000\051}{}% 1
\BOOKMARK [2][-]{subsection.1.1}{\376\377\000T\000r\000u\000t\000h\000\040\000T\000a\000b\000l\000e}{section.1}% 2
\BOOKMARK [2][-]{subsection.1.2}{\376\377\000G\000a\000t\000e\000-\000L\000e\000v\000e\000l\000\040\000S\000c\000h\000e\000m\000a\000t\000i\000c}{section.1}% 3
\BOOKMARK [2][-]{subsection.1.3}{\376\377\000W\000a\000v\000e\000f\000o\000r\000m\000\040\000S\000i\000m\000u\000l\000a\000t\000i\000o\000n\000s}{section.1}% 4
\BOOKMARK [1][-]{section.2}{\376\377\000C\000o\000n\000d\000i\000t\000i\000o\000n\000a\000l\000\040\000S\000u\000m\000\040\000A\000d\000d\000e\000r\000\040\000\050\000C\000S\000A\000\050\000N\000\051\000\051}{}% 5
\BOOKMARK [2][-]{subsection.2.1}{\376\377\000B\000l\000o\000c\000k\000\040\000D\000i\000a\000g\000r\000a\000m}{section.2}% 6
\BOOKMARK [2][-]{subsection.2.2}{\376\377\000T\000i\000m\000e\000\040\000C\000o\000m\000p\000a\000r\000i\000s\000o\000n\000\040\000w\000i\000t\000h\000\040\000R\000i\000p\000p\000l\000e\000\040\000C\000a\000r\000r\000y\000\040\000A\000d\000d\000e\000r}{section.2}% 7
\BOOKMARK [2][-]{subsection.2.3}{\376\377\000G\000e\000n\000e\000r\000a\000t\000e\000\040\000B\000l\000o\000c\000k}{section.2}% 8
\BOOKMARK [2][-]{subsection.2.4}{\376\377\000S\000i\000m\000u\000l\000a\000t\000i\000o\000n\000\040\000W\000a\000v\000e\000f\000o\000r\000m\000\040\000-\000\040\000C\000S\000A\000\050\0003\000\051}{section.2}% 9
\BOOKMARK [2][-]{subsection.2.5}{\376\377\000S\000i\000m\000u\000l\000a\000t\000i\000o\000n\000\040\000W\000a\000v\000e\000f\000o\000r\000m\000\040\000-\000\040\000C\000S\000A\000\050\0004\000\051}{section.2}% 10
\BOOKMARK [1][-]{section.3}{\376\377\000L\000i\000m\000i\000t\000e\000d\000\040\000I\000n\000c\000r\000e\000m\000e\000n\000t\000o\000r\000\050\000L\000i\000m\000\137\000I\000n\000c\000\051}{}% 11
\BOOKMARK [2][-]{subsection.3.1}{\376\377\000B\000l\000o\000c\000k\000\040\000D\000i\000a\000g\000r\000a\000m}{section.3}% 12
\BOOKMARK [1][-]{section.4}{\376\377\000D\000e\000b\000o\000u\000n\000c\000e\000r}{}% 13
\BOOKMARK [2][-]{subsection.4.1}{\376\377\000B\000l\000o\000c\000k\000\040\000D\000i\000a\000g\000r\000a\000m}{section.4}% 14
\BOOKMARK [2][-]{subsection.4.2}{\376\377\000C\000o\000u\000n\000t\000e\000r\000\040\000V\000a\000l\000u\000e\000\040\000T\000r\000a\000d\000e\000o\000f\000f}{section.4}% 15
\BOOKMARK [1][-]{section.5}{\376\377\000S\000e\000v\000e\000n\000\040\000S\000e\000g\000m\000e\000n\000t\000\040\000D\000i\000s\000p\000l\000a\000y\000\040\000\050\000S\000e\000g\000\137\0007\000\137\000D\000i\000s\000p\000l\000a\000y\000\051}{}% 16
\BOOKMARK [2][-]{subsection.5.1}{\376\377\000C\000l\000o\000c\000k\000\040\000D\000i\000v\000i\000s\000i\000o\000n\000\040\000S\000e\000l\000e\000c\000t\000i\000o\000n}{section.5}% 17
\BOOKMARK [1][-]{section.6}{\376\377\000S\000t\000o\000p\000w\000a\000t\000c\000h}{}% 18
\BOOKMARK [2][-]{subsection.6.1}{\376\377\000B\000l\000o\000c\000k\000\040\000D\000i\000a\000g\000r\000a\000m}{section.6}% 19
\BOOKMARK [2][-]{subsection.6.2}{\376\377\000E\000l\000a\000b\000o\000r\000a\000t\000e\000d\000\040\000D\000e\000s\000i\000g\000n\000\040\000S\000c\000h\000e\000m\000a\000t\000i\000c}{section.6}% 20
\BOOKMARK [2][-]{subsection.6.3}{\376\377\000S\000y\000n\000t\000h\000e\000s\000i\000z\000e\000d\000\040\000D\000e\000s\000i\000g\000n\000\040\000C\000o\000m\000p\000a\000r\000i\000s\000o\000n}{section.6}% 21
\BOOKMARK [1][-]{section.7}{\376\377\000T\000i\000m\000i\000n\000g\000\040\000a\000n\000d\000\040\000s\000u\000m\000m\000a\000r\000y}{}% 22
\BOOKMARK [2][-]{subsection.7.1}{\376\377\000T\000i\000m\000i\000n\000g\000\040\000S\000u\000m\000m\000a\000r\000y}{section.7}% 23
\BOOKMARK [2][-]{subsection.7.2}{\376\377\000C\000r\000i\000t\000i\000c\000a\000l\000\040\000S\000e\000t\000u\000p\000\040\000P\000a\000t\000h}{section.7}% 24
\BOOKMARK [2][-]{subsection.7.3}{\376\377\000P\000r\000o\000j\000e\000c\000t\000\040\000S\000u\000m\000m\000a\000r\000y}{section.7}% 25
